// Jest Snapshot v1, https://goo.gl/fbAQLP

exports[`Defined boolean==boolean (type) should match snapshot 1`] = `"true"`;

exports[`Defined never==never (type) should match snapshot 1`] = `"never"`;

exports[`Defined null==never (type) should match snapshot 1`] = `"never"`;

exports[`Defined object==object (type) should match snapshot 1`] = `"{ foo: true; }"`;

exports[`Defined string==string (type) should match snapshot 1`] = `"\\"foo\\""`;

exports[`Defined undefined==never (type) should match snapshot 1`] = `"never"`;
